<html>
<body>
<pre>
<h1>µVision Build Log</h1>
<h2>Tool Versions:</h2>
IDE-Version: µVision V5.31.0.0
Copyright (C) 2020 ARM Ltd and ARM Germany GmbH. All rights reserved.
License Information: Nhan Chu, CMN, LIC=QF82M-XLC1E-HL9CL-0E891-TD5AE-LUKHD
 
Tool Versions:
Toolchain:       MDK-ARM Plus  Version: 5.31.0.0
Toolchain Path:  C:\Keil_v5\ARM\ARMCLANG\Bin
C Compiler:      ArmClang.exe V6.14
Assembler:       Armasm.exe V6.14
Linker/Locator:  ArmLink.exe V6.14
Library Manager: ArmAr.exe V6.14
Hex Converter:   FromElf.exe V6.14
CPU DLL:         SARMCM3.DLL V5.31.0.0
Dialog DLL:      DCM.DLL V1.17.3.0
Target DLL:      STLink\ST-LINKIII-KEIL_SWO.dll V3.0.7.0
Dialog DLL:      TCM.DLL V1.46.0.0
 
<h2>Project:</h2>
D:\CMN's DATA\STM32\Project\F103c8t6\blink\template.uvprojx
Project File Date:  03/15/2022

<h2>Output:</h2>
*** Using Compiler 'V6.14', folder: 'C:\Keil_v5\ARM\ARMCLANG\Bin'
Rebuild target 'blink'
assembling startup_stm32f10x_md.s...
src/stm32f10x_it.c(24): warning: In file included from...
./src/stm32f10x_it.h(30): warning: In file included from...
C:/Users/minhn/AppData/Local/Arm/Packs/Keil/STM32F1xx_DFP/2.4.0/Device/Include\stm32f10x.h(486): warning: In file included from...
./Libraries/CMSIS/CM3/CoreSupport\core_cm3.h(1720): warning: function 'NVIC_SystemReset' could be declared with attribute 'noreturn' [-Wmissing-noreturn]
{
^
src/stm32f10x_it.c(56): warning: function 'HardFault_Handler' could be declared with attribute 'noreturn' [-Wmissing-noreturn]
{
^
src/stm32f10x_it.c(69): warning: function 'MemManage_Handler' could be declared with attribute 'noreturn' [-Wmissing-noreturn]
{
^
src/stm32f10x_it.c(82): warning: function 'BusFault_Handler' could be declared with attribute 'noreturn' [-Wmissing-noreturn]
{
^
src/stm32f10x_it.c(95): warning: function 'UsageFault_Handler' could be declared with attribute 'noreturn' [-Wmissing-noreturn]
{
^
5 warnings generated.
compiling stm32f10x_it.c...
src/main.c(1): warning: In file included from...
C:/Users/minhn/AppData/Local/Arm/Packs/Keil/STM32F1xx_DFP/2.4.0/Device/Include\stm32f10x.h(486): warning: In file included from...
./Libraries/CMSIS/CM3/CoreSupport\core_cm3.h(1720): warning: function 'NVIC_SystemReset' could be declared with attribute 'noreturn' [-Wmissing-noreturn]
{
^
src/main.c(3): warning: this function declaration is not a prototype [-Wstrict-prototypes]
void init();
         ^
          void
src/main.c(13): warning: 'return' will never be executed [-Wunreachable-code-return]
        return 0;
               ^
src/main.c(16): warning: no previous prototype for function 'init' [-Wmissing-prototypes]
void init(){
     ^
src/main.c(3): note: this declaration is not a prototype; add 'void' to make it a prototype for a zero-parameter function
void init();
     ^
          void
src/main.c(28): warning: no newline at end of file [-Wnewline-eof]
}
 ^
5 warnings generated.
compiling main.c...
src/system_stm32f10x.c(64): warning: In file included from...
C:/Users/minhn/AppData/Local/Arm/Packs/Keil/STM32F1xx_DFP/2.4.0/Device/Include\stm32f10x.h(486): warning: In file included from...
./Libraries/CMSIS/CM3/CoreSupport\core_cm3.h(1720): warning: function 'NVIC_SystemReset' could be declared with attribute 'noreturn' [-Wmissing-noreturn]
{
^
src/system_stm32f10x.c(166): warning: no previous extern declaration for non-static variable 'AHBPrescTable' [-Wmissing-variable-declarations]
__I uint8_t AHBPrescTable[16] = {0, 0, 0, 0, 0, 0, 0, 0, 1, 2, 3, 4, 6, 7, 8, 9};
            ^
src/system_stm32f10x.c(166): note: declare 'static' if the variable is not intended to be used outside of this translation unit
__I uint8_t AHBPrescTable[16] = {0, 0, 0, 0, 0, 0, 0, 0, 1, 2, 3, 4, 6, 7, 8, 9};
    ^
2 warnings generated.
compiling system_stm32f10x.c...
Libraries/STM32F10x_StdPeriph_Driver/src/stm32f10x_gpio.c(22): warning: In file included from...
./Libraries/STM32F10x_StdPeriph_Driver/inc\stm32f10x_gpio.h(31): warning: In file included from...
C:/Users/minhn/AppData/Local/Arm/Packs/Keil/STM32F1xx_DFP/2.4.0/Device/Include\stm32f10x.h(486): warning: In file included from...
./Libraries/CMSIS/CM3/CoreSupport\core_cm3.h(1720): warning: function 'NVIC_SystemReset' could be declared with attribute 'noreturn' [-Wmissing-noreturn]
{
^
1 warning generated.
compiling stm32f10x_gpio.c...
Libraries/STM32F10x_StdPeriph_Driver/src/stm32f10x_rcc.c(22): warning: In file included from...
./Libraries/STM32F10x_StdPeriph_Driver/inc\stm32f10x_rcc.h(31): warning: In file included from...
C:/Users/minhn/AppData/Local/Arm/Packs/Keil/STM32F1xx_DFP/2.4.0/Device/Include\stm32f10x.h(486): warning: In file included from...
./Libraries/CMSIS/CM3/CoreSupport\core_cm3.h(1720): warning: function 'NVIC_SystemReset' could be declared with attribute 'noreturn' [-Wmissing-noreturn]
{
^
1 warning generated.
compiling stm32f10x_rcc.c...
linking...
Program Size: Code=720 RO-data=252 RW-data=0 ZI-data=1632  
FromELF: creating hex file...
".\Objects\template.axf" - 0 Error(s), 14 Warning(s).

<h2>Software Packages used:</h2>

Package Vendor: Keil
                http://www.keil.com/pack/Keil.STM32F1xx_DFP.2.4.0.pack
                Keil.STM32F1xx_DFP.2.4.0
                STMicroelectronics STM32F1 Series Device Support, Drivers and Examples

<h2>Collection of Component include folders:</h2>
  C:\Users\minhn\AppData\Local\Arm\Packs\Keil\STM32F1xx_DFP\2.4.0\Device\Include

<h2>Collection of Component Files used:</h2>
Build Time Elapsed:  00:00:01
</pre>
</body>
</html>
